// Jest Snapshot v1, https://goo.gl/fbAQLP

exports[`renders Achievement 1`] = `
<li>
  Test Achievement
  <span>
    <span
      className="normal"
    >
      test category 1
    </span>
    <span
      className="normal"
    >
      Engineering
    </span>
  </span>
</li>
`;
