// Jest Snapshot v1, https://goo.gl/fbAQLP

exports[`renders Name  Name --->level = important 1`] = `null`;

exports[`renders Name  Name --->level = less 1`] = `null`;

exports[`renders Name  Name --->level = normal 1`] = `null`;
