// Jest Snapshot v1, https://goo.gl/fbAQLP

exports[`renders Achievement 1`] = `
<li>
  Test Achievement.
  <span>
    <div
      className="normal tag"
    >
      test category 1
    </div>
    <div
      className="normal tag"
    >
      Engineering
    </div>
  </span>
</li>
`;
