// Jest Snapshot v1, https://goo.gl/fbAQLP

exports[`renders Header 1`] = `
<header
  className="header"
>
  <h1>
    Test firstName
     
    Test lastName
  </h1>
  <div
    className="basicInfo"
  >
    <div
      className="basicInfoItem"
    >
      <div>
        Looking For:
      </div>
      <div />
    </div>
    <div
      className="basicInfoItem"
    >
      <div>
        Email:
      </div>
      <div>
        test@gmail.com
      </div>
    </div>
    <div
      className="basicInfoItem"
    >
      <div>
        Mobile:
      </div>
      <div>
        101101101
      </div>
    </div>
    <div
      className="basicInfoItem"
    >
      <div>
        Location:
      </div>
      <div />
    </div>
    <div
      className="links"
    />
  </div>
</header>
`;
